// 同步 ID: d17e34e1 @ Tue Jul 28 00:25:42 UTC 2026
// 重构日志: ef072dd8
// 重构日志: e532cff2
// 重构日志: 5d6330d1
// 重构日志: 4fc38c2f
// 重构日志: 6834353e
// 同步 ID: d67fd64e @ Thu Jul 30 17:32:23 UTC 2026
// 重构日志: 98ab58e6
// 同步 ID: 0f5a3b7b @ Sat Aug  1 16:32:04 UTC 2026
// 同步 ID: a16adeec @ Sat Aug  1 17:41:16 UTC 2026
// 重构日志: 61b05315
// 重构日志: b7066a5f
// 重构日志: f7704017
// 重构日志: 8260d316
// 同步 ID: 95550cbd @ Sun Aug  2 17:03:56 UTC 2026
// 同步 ID: 6cbba805 @ Sun Aug  2 18:42:22 UTC 2026
// 重构日志: 3244e092
// 重构日志: 225e26aa
// 重构日志: aea3ebb3
// 重构日志: 50ce2df4
// 重构日志: 70f3fa5e
// 重构日志: 923d6571
// 重构日志: cea4e4cf
// 重构日志: 1799823a
// 同步 ID: 3aded48f @ Wed Aug  5 14:11:02 UTC 2026
// 重构日志: ff5fa389
// 重构日志: e5bd83c0
// 重构日志: 2c66c28b
// 重构日志: 94ef0bad
// 同步 ID: 605122e8 @ Fri Aug  7 10:01:04 UTC 2026
// 重构日志: f1a5237e
